
============================================================
TEST 1: FLEXIBLE FORMAT (Product/Audience/Platform)
============================================================
Status Code: 200
Traceback (most recent call last):
  File "C:\Users\swamy\OneDrive\Desktop\MarketAI_Suite\test_structured_format.py", line 29, in <module>
    print(f"\u2713 Flexible Format Generated")
    ~~~~~^^^^^^^^^^^^^^^^^^^^^^^^^^^^^^^^
  File "C:\Program Files\Python313\Lib\encodings\cp1252.py", line 19, in encode
    return codecs.charmap_encode(input,self.errors,encoding_table)[0]
           ~~~~~~~~~~~~~~~~~~~~~^^^^^^^^^^^^^^^^^^^^^^^^^^^^^^^^^^
UnicodeEncodeError: 'charmap' codec can't encode character '\u2713' in position 0: character maps to <undefined>
